// Jest Snapshot v1, https://goo.gl/fbAQLP

exports[`Tutorial should match the snapshot with the correct data passed in when on User profile page 1`] = `
<Component
  style={
    Object {
      "display": "flex",
      "flex": 3,
      "flexDirection": "column",
      "width": "100%",
    }
  }
>
  <ImageBackground
    source={1}
    style={
      Object {
        "alignItems": "center",
        "display": "flex",
        "flex": 1.5,
        "justifyContent": "center",
        "width": "100%",
      }
    }
  >
    <Component
      style={
        Object {
          "backgroundColor": "black",
          "height": "100%",
          "opacity": 0.4,
          "position": "absolute",
          "top": 0,
          "width": "100%",
        }
      }
    />
    <Component
      style={
        Object {
          "color": "white",
          "fontSize": 18,
          "fontWeight": "600",
          "paddingBottom": "3%",
        }
      }
    >
      GUIDE BOOK
    </Component>
    <Themed.Icon
      color="white"
      name="book"
      paddingTop={15}
      size={40}
      type="font-awesome"
    />
  </ImageBackground>
  <Component
    style={
      Object {
        "flex": 3,
        "padding": 15,
      }
    }
  >
    <Component
      style={
        Object {
          "display": "flex",
          "flexDirection": "row",
          "justifyContent": "center",
        }
      }
    >
      <Component
        style={
          Object {
            "fontStyle": "italic",
            "paddingBottom": 5,
            "paddingRight": 5,
            "textAlign": "center",
          }
        }
      >
        Earn
      </Component>
      <Themed.Icon
        color="#f44336"
        name="diamond"
        size={20}
        type="font-awesome"
      />
      <Component
        style={
          Object {
            "fontStyle": "italic",
            "paddingBottom": 5,
            "paddingLeft": 5,
            "textAlign": "center",
          }
        }
      >
        's by collecting landmarks!
      </Component>
    </Component>
    <Component
      style={
        Object {
          "display": "flex",
          "flexDirection": "row",
          "justifyContent": "center",
        }
      }
    />
    <Component
      style={
        Object {
          "padding": 5,
          "paddingTop": 10,
        }
      }
    >
      STEP 1: Create an account / Log in
    </Component>
    <Themed.Icon
      color="#0b80dc"
      name="sign-in"
      size={28}
      type="font-awesome"
    />
    <Component
      style={
        Object {
          "padding": 5,
        }
      }
    >
      STEP 2: Go to maps page and click on a landmark
    </Component>
    <Themed.Icon
      color="#673ab7"
      name="map-marker"
      size={28}
      type="font-awesome"
    />
    <Component
      style={
        Object {
          "padding": 5,
        }
      }
    >
      STEP 3: Click on the map marker of that landmark
    </Component>
    <Component
      style={
        Object {
          "padding": 5,
        }
      }
    >
      STEP 4: Get within 1/2 mile of the selected landmark and click the 'Take Photo!' button in the banner
    </Component>
    <Themed.Icon
      color="#4caf50"
      name="camera"
      size={28}
      type="font-awesome"
    />
    <Component
      style={
        Object {
          "padding": 5,
        }
      }
    >
      STEP 4: View your pictures on Collected Landmarks page
    </Component>
    <Themed.Icon
      color="#f19105"
      name="image"
      size={28}
      type="font-awesome"
    />
  </Component>
</Component>
`;
