// Jest Snapshot v1, https://goo.gl/fbAQLP

exports[`Landmark should match the snapshot with the correct data passed in when on User profile page 1`] = `
<Component
  style={
    Object {
      "display": "flex",
      "flex": 1,
      "flexDirection": "column",
    }
  }
>
  <Component
    style={
      Object {
        "fontWeight": "bold",
        "padding": 10,
      }
    }
  >
    GREAT LAWN PARK
  </Component>
  <Component
    style={
      Object {
        "alignItems": "center",
        "display": "flex",
        "justifyContent": "center",
      }
    }
  >
    <Component
      source={
        Object {
          "uri": "www.myimage.com/2",
        }
      }
      style={
        Object {
          "height": 200,
          "width": 300,
        }
      }
    />
  </Component>
  <Component
    style={
      Object {
        "alignItems": "center",
        "display": "flex",
        "flexDirection": "row",
        "padding": 10,
      }
    }
  >
    <Themed.Icon
      color="#f44336"
      name="diamond"
      size={20}
      type="font-awesome"
    />
    <Component
      style={
        Object {
          "marginLeft": 10,
        }
      }
    >
      10 gems
    </Component>
  </Component>
</Component>
`;
