// Jest Snapshot v1, https://goo.gl/fbAQLP

exports[`CameraWindow should match the snapshot when hasCameraPermission is false 1`] = `
<Component
  style={
    Object {
      "backgroundColor": "transparent",
      "flex": 2.3,
    }
  }
>
  <Camera
    faceDetectorSettings={Object {}}
    focusDepth={0}
    ratio="4:3"
    style={
      Object {
        "flex": 1,
      }
    }
    zoom={0}
  >
    <Component
      style={
        Object {
          "display": "flex",
          "flex": 1,
          "flexDirection": "row",
        }
      }
    >
      <Component
        style={
          Object {
            "flex": 1,
            "justifyContent": "space-around",
          }
        }
      >
        <Component
          style={
            Object {
              "alignSelf": "flex-start",
              "paddingLeft": "15%",
              "paddingRight": "15%",
            }
          }
        />
        <Component
          style={
            Object {
              "alignSelf": "flex-start",
              "paddingLeft": "15%",
              "paddingRight": "15%",
            }
          }
        />
        <TouchableOpacity
          activeOpacity={0.2}
          onPress={[Function]}
          style={
            Object {
              "alignSelf": "flex-start",
              "paddingLeft": "15%",
              "paddingRight": "15%",
            }
          }
        >
          <Themed.Icon
            color="white"
            name="camera"
            size={35}
            type="font-awesome"
          />
        </TouchableOpacity>
        <TouchableOpacity
          activeOpacity={0.2}
          onPress={[Function]}
          style={
            Object {
              "alignSelf": "flex-start",
              "paddingLeft": "15%",
              "paddingRight": "15%",
            }
          }
        >
          <Themed.Icon
            color="white"
            name="random"
            size={35}
            type="font-awesome"
          />
        </TouchableOpacity>
      </Component>
      <Component
        style={
          Object {
            "flex": 1,
            "justifyContent": "space-around",
          }
        }
      >
        <Component
          style={
            Object {
              "alignSelf": "flex-end",
              "paddingLeft": "15%",
              "paddingRight": "15%",
            }
          }
        />
        <Component
          style={
            Object {
              "alignSelf": "flex-end",
              "paddingLeft": "15%",
              "paddingRight": "15%",
            }
          }
        />
        <TouchableOpacity
          activeOpacity={0.2}
          onPress={[Function]}
          style={
            Object {
              "alignSelf": "flex-end",
              "paddingLeft": "15%",
              "paddingRight": "15%",
            }
          }
        >
          <Themed.Icon
            color="white"
            name="camera"
            size={35}
            type="font-awesome"
          />
        </TouchableOpacity>
        <TouchableOpacity
          activeOpacity={0.2}
          onPress={[Function]}
          style={
            Object {
              "alignSelf": "flex-end",
              "paddingLeft": "15%",
              "paddingRight": "15%",
            }
          }
        >
          <Themed.Icon
            color="white"
            name="random"
            size={35}
            type="font-awesome"
          />
        </TouchableOpacity>
      </Component>
    </Component>
  </Camera>
</Component>
`;

exports[`CameraWindow should match the snapshot when hasCameraPermission is granted 1`] = `
<Component
  style={
    Object {
      "backgroundColor": "transparent",
      "flex": 2.3,
    }
  }
>
  <Camera
    faceDetectorSettings={Object {}}
    focusDepth={0}
    ratio="4:3"
    style={
      Object {
        "flex": 1,
      }
    }
    zoom={0}
  >
    <Component
      style={
        Object {
          "display": "flex",
          "flex": 1,
          "flexDirection": "row",
        }
      }
    >
      <Component
        style={
          Object {
            "flex": 1,
            "justifyContent": "space-around",
          }
        }
      >
        <Component
          style={
            Object {
              "alignSelf": "flex-start",
              "paddingLeft": "15%",
              "paddingRight": "15%",
            }
          }
        />
        <Component
          style={
            Object {
              "alignSelf": "flex-start",
              "paddingLeft": "15%",
              "paddingRight": "15%",
            }
          }
        />
        <TouchableOpacity
          activeOpacity={0.2}
          onPress={[Function]}
          style={
            Object {
              "alignSelf": "flex-start",
              "paddingLeft": "15%",
              "paddingRight": "15%",
            }
          }
        >
          <Themed.Icon
            color="white"
            name="camera"
            size={35}
            type="font-awesome"
          />
        </TouchableOpacity>
        <TouchableOpacity
          activeOpacity={0.2}
          onPress={[Function]}
          style={
            Object {
              "alignSelf": "flex-start",
              "paddingLeft": "15%",
              "paddingRight": "15%",
            }
          }
        >
          <Themed.Icon
            color="white"
            name="random"
            size={35}
            type="font-awesome"
          />
        </TouchableOpacity>
      </Component>
      <Component
        style={
          Object {
            "flex": 1,
            "justifyContent": "space-around",
          }
        }
      >
        <Component
          style={
            Object {
              "alignSelf": "flex-end",
              "paddingLeft": "15%",
              "paddingRight": "15%",
            }
          }
        />
        <Component
          style={
            Object {
              "alignSelf": "flex-end",
              "paddingLeft": "15%",
              "paddingRight": "15%",
            }
          }
        />
        <TouchableOpacity
          activeOpacity={0.2}
          onPress={[Function]}
          style={
            Object {
              "alignSelf": "flex-end",
              "paddingLeft": "15%",
              "paddingRight": "15%",
            }
          }
        >
          <Themed.Icon
            color="white"
            name="camera"
            size={35}
            type="font-awesome"
          />
        </TouchableOpacity>
        <TouchableOpacity
          activeOpacity={0.2}
          onPress={[Function]}
          style={
            Object {
              "alignSelf": "flex-end",
              "paddingLeft": "15%",
              "paddingRight": "15%",
            }
          }
        >
          <Themed.Icon
            color="white"
            name="random"
            size={35}
            type="font-awesome"
          />
        </TouchableOpacity>
      </Component>
    </Component>
  </Camera>
</Component>
`;

exports[`CameraWindow should match the snapshot when hasCameraPermission is null 1`] = `
<Component
  style={
    Object {
      "backgroundColor": "transparent",
      "flex": 2.3,
    }
  }
>
  <Camera
    faceDetectorSettings={Object {}}
    focusDepth={0}
    ratio="4:3"
    style={
      Object {
        "flex": 1,
      }
    }
    zoom={0}
  >
    <Component
      style={
        Object {
          "display": "flex",
          "flex": 1,
          "flexDirection": "row",
        }
      }
    >
      <Component
        style={
          Object {
            "flex": 1,
            "justifyContent": "space-around",
          }
        }
      >
        <Component
          style={
            Object {
              "alignSelf": "flex-start",
              "paddingLeft": "15%",
              "paddingRight": "15%",
            }
          }
        />
        <Component
          style={
            Object {
              "alignSelf": "flex-start",
              "paddingLeft": "15%",
              "paddingRight": "15%",
            }
          }
        />
        <TouchableOpacity
          activeOpacity={0.2}
          onPress={[Function]}
          style={
            Object {
              "alignSelf": "flex-start",
              "paddingLeft": "15%",
              "paddingRight": "15%",
            }
          }
        >
          <Themed.Icon
            color="white"
            name="camera"
            size={35}
            type="font-awesome"
          />
        </TouchableOpacity>
        <TouchableOpacity
          activeOpacity={0.2}
          onPress={[Function]}
          style={
            Object {
              "alignSelf": "flex-start",
              "paddingLeft": "15%",
              "paddingRight": "15%",
            }
          }
        >
          <Themed.Icon
            color="white"
            name="random"
            size={35}
            type="font-awesome"
          />
        </TouchableOpacity>
      </Component>
      <Component
        style={
          Object {
            "flex": 1,
            "justifyContent": "space-around",
          }
        }
      >
        <Component
          style={
            Object {
              "alignSelf": "flex-end",
              "paddingLeft": "15%",
              "paddingRight": "15%",
            }
          }
        />
        <Component
          style={
            Object {
              "alignSelf": "flex-end",
              "paddingLeft": "15%",
              "paddingRight": "15%",
            }
          }
        />
        <TouchableOpacity
          activeOpacity={0.2}
          onPress={[Function]}
          style={
            Object {
              "alignSelf": "flex-end",
              "paddingLeft": "15%",
              "paddingRight": "15%",
            }
          }
        >
          <Themed.Icon
            color="white"
            name="camera"
            size={35}
            type="font-awesome"
          />
        </TouchableOpacity>
        <TouchableOpacity
          activeOpacity={0.2}
          onPress={[Function]}
          style={
            Object {
              "alignSelf": "flex-end",
              "paddingLeft": "15%",
              "paddingRight": "15%",
            }
          }
        >
          <Themed.Icon
            color="white"
            name="random"
            size={35}
            type="font-awesome"
          />
        </TouchableOpacity>
      </Component>
    </Component>
  </Camera>
</Component>
`;
